// Jest Snapshot v1, https://goo.gl/fbAQLP

exports[`should render expense list with expenses 1`] = `
<div>
  <h1>
    ExpenseList
  </h1>
  <ExpenseListItem
    amount={1500}
    createdAt={0}
    description="rent"
    id="1"
    key="1"
    note=""
  />
  <ExpenseListItem
    amount={100}
    createdAt={-345600000}
    description="water bill"
    id="2"
    key="2"
    note=""
  />
  <ExpenseListItem
    amount={2500}
    createdAt={345600000}
    description="jacket"
    id="3"
    key="3"
    note="winter jacket"
  />
</div>
`;

exports[`should test expense list with empty expenses 1`] = `
<div>
  <h1>
    ExpenseList
  </h1>
  <p>
    No expenses found!!
  </p>
</div>
`;
